<!DOCTYPE html>
<html>
	<head></head>
	<body>
		<h1>test string</h1>
		<div>Apple Pie</div><span>Mathias</span>
		<h1>test string modified</h1>
		<div>Another Apple Pie</div><span>Mathias Another</span>
		<h1>huhu</h1>
		<div>Another Apple</div><span>Another</span>
	</body>
</html>